帮我查看这个项目中哪些代码提交是我写的，请根据git 作者名是v_liulongfei01来查询, 理解我提交的代码所属的功能模块,
经过你的润色后, 成为一份简历中的项目经历



百度贴吧用户服务 Go 客户端开发

	项目描述：
		基于 GDP2 框架开发的贴吧用户服务端应用，为百度贴吧 App 提供统一的用户信息管理能力，
		包括个人中心、点赞列表、关注列表等核心功能模块。

	主要职责与成果：

		1. 鸿蒙端适配开发

			负责个人中心页面、我的点赞页面等核心模块的鸿蒙客户端适配
			扩展 Banner 配置系统，新增鸿蒙端版本控制字段，实现多端差异化配置
			基于帖子类型位运算实现点赞列表过滤功能，过滤抽奖贴/打分贴，提升用户体验


		2. 表情包创作落地页功能开发

			设计并实现表情包创作落地页的二次确认弹窗功能，提升用户留存率
			构建可配置化的文案系统，支持主文案/副文案通过配置中心动态下发，实现运营策略灵活调整
			基于 GDP 框架的 Action 模式开发，遵循项目标准生命周期规范（ParseParams → Execute → BuildOut）
			技术亮点：使用 wordserver 动态配置系统，实现文案热更新，无需发版即可调整运营策略


		3. 鸿蒙系统适配（HarmonyOS） — 核心工作
			用户中心模块：完成全部工具页面 (/usercenter/alltools)、补签功能的鸿蒙版本兼容
			搜索模块：实现搜索热榜、端搜视频展示、吧内搜索视频露出等功能的鸿蒙适配（3期迭代）
			内容分发：下载中间页版本配置与鸿蒙二期适配
			商城系统：兑换商城详情页接口适配鸿蒙 12.96 版本

		4. 业务功能接口开发
			贴吧小卖部战报落地页：独立开发 shopRankReport 接口，实现数值展示逻辑，新增 100+ 行核心代码
			用户成长任务：完成 commitUGTaskInfo 任务提交接口开发
			搜索多类型检索：实现 /mo/q/search/multsearch 复合搜索接口

		5. 黑白名单服务改造（2025年8月）
			业务背景：原有黑白名单判断逻辑依赖Redis直接查询，存在配置分散、维护困难等问题
			技术实现：
				重构底部模块权限判断逻辑，将Redis白名单查询改造为统一的服务接口调用
				优化权限校验流程，新增角色类型判断（吧主/吧务），提升代码可读性与可维护性
				引入错误处理与日志追踪机制，便于线上问题定位
			成果：简化了280行冗余代码，提升了系统的可维护性与稳定性
			项目亮点：
				熟练运用Go语言与GDP2框架，理解微服务架构与RPC调用模式
				具备多端适配开发经验，能够针对不同客户端特性进行差异化处理
				注重代码质量，遵循错误处理规范，编写可维护、可扩展的业务代码


	技术栈： Go 1.22、GDP2 框架、MySQL、Redis、RPC（nshead/gRPC